// Jest Snapshot v1, https://goo.gl/fbAQLP

exports[`renders learn react link 1`] = `
<div>
  <div
    class="row"
  >
    <button
      class="Pin Pin--red"
    />
    <button
      class="Pin Pin--red"
    />
    <button
      class="Pin Pin--red"
    />
    <button
      class="Pin Pin--red"
    />
    <button
      class="checkButton"
    >
       Check 
    </button>
    <button
      class="resetButton"
    >
       Start new game 
    </button>
  </div>
</div>
`;
